Sep 27, 2025 11:52:00 AM com.example.designpatterns.App main
INFO: Design Patterns Demo starting...
Sep 27, 2025 11:54:26 AM com.example.designpatterns.App main
INFO: Design Patterns Demo starting...
Sep 27, 2025 11:58:14 AM com.example.designpatterns.App main
INFO: Design Patterns Demo starting...
Sep 27, 2025 11:58:21 AM com.example.designpatterns.behavioral.observer.StockMarket registerObserver
INFO: Observer registered: Trader
Sep 27, 2025 11:58:21 AM com.example.designpatterns.behavioral.observer.StockMarket registerObserver
INFO: Observer registered: Trader
Sep 27, 2025 11:58:21 AM com.example.designpatterns.behavioral.observer.StockMarket registerObserver
INFO: Observer registered: AnalyticsDashboard
Sep 27, 2025 12:00:31 PM com.example.designpatterns.App main
INFO: Design Patterns Demo starting...
Sep 27, 2025 12:00:36 PM com.example.designpatterns.behavioral.observer.StockMarket registerObserver
INFO: Observer registered: Trader
Sep 27, 2025 12:00:36 PM com.example.designpatterns.behavioral.observer.StockMarket registerObserver
INFO: Observer registered: Trader
Sep 27, 2025 12:00:36 PM com.example.designpatterns.behavioral.observer.StockMarket registerObserver
INFO: Observer registered: AnalyticsDashboard
Sep 27, 2025 12:02:25 PM com.example.designpatterns.App main
INFO: Design Patterns Demo starting...
Sep 27, 2025 12:02:32 PM com.example.designpatterns.behavioral.observer.StockMarket registerObserver
INFO: Observer registered: Trader
Sep 27, 2025 12:02:32 PM com.example.designpatterns.behavioral.observer.StockMarket registerObserver
INFO: Observer registered: Trader
Sep 27, 2025 12:02:32 PM com.example.designpatterns.behavioral.observer.StockMarket registerObserver
INFO: Observer registered: AnalyticsDashboard
Sep 27, 2025 12:03:23 PM com.example.designpatterns.App main
INFO: Design Patterns Demo starting...
Sep 27, 2025 12:03:27 PM com.example.designpatterns.behavioral.observer.StockMarket registerObserver
INFO: Observer registered: Trader
Sep 27, 2025 12:03:27 PM com.example.designpatterns.behavioral.observer.StockMarket registerObserver
INFO: Observer registered: Trader
Sep 27, 2025 12:03:27 PM com.example.designpatterns.behavioral.observer.StockMarket registerObserver
INFO: Observer registered: AnalyticsDashboard
Sep 27, 2025 12:03:27 PM com.example.designpatterns.behavioral.observer.Trader onPriceChanged
INFO: Trader Alice notified: AAPL -> 120.50
Sep 27, 2025 12:03:27 PM com.example.designpatterns.behavioral.observer.Trader onPriceChanged
INFO: Trader Bob notified: AAPL -> 120.50
Sep 27, 2025 12:03:27 PM com.example.designpatterns.behavioral.observer.AnalyticsDashboard onPriceChanged
INFO: Analytics: AAPL changed to 120.50 — computing indicators...
Sep 27, 2025 12:03:27 PM com.example.designpatterns.behavioral.observer.Trader onPriceChanged
INFO: Trader Alice notified: AAPL -> 48.90
Sep 27, 2025 12:03:27 PM com.example.designpatterns.behavioral.observer.Trader onPriceChanged
INFO: Trader Alice decides to BUY AAPL at 48.90
Sep 27, 2025 12:03:27 PM com.example.designpatterns.behavioral.observer.Trader onPriceChanged
INFO: Trader Bob notified: AAPL -> 48.90
Sep 27, 2025 12:03:27 PM com.example.designpatterns.behavioral.observer.Trader onPriceChanged
INFO: Trader Bob decides to BUY AAPL at 48.90
Sep 27, 2025 12:03:27 PM com.example.designpatterns.behavioral.observer.AnalyticsDashboard onPriceChanged
INFO: Analytics: AAPL changed to 48.90 — computing indicators...
Sep 27, 2025 12:04:19 PM com.example.designpatterns.behavioral.strategy.PricingEngine computeFinalPrice
INFO: Base: 15.48, Final after NoDiscountStrategy: 15.48
Sep 27, 2025 12:04:19 PM com.example.designpatterns.behavioral.strategy.PricingEngine computeFinalPrice
INFO: Base: 15.48, Final after PercentageDiscountStrategy: 13.16
Sep 27, 2025 12:06:48 PM com.example.designpatterns.App main
INFO: Design Patterns Demo starting...
Sep 27, 2025 12:07:17 PM com.example.designpatterns.App main
INFO: Design Patterns Demo starting...
Sep 27, 2025 12:08:47 PM com.example.designpatterns.App main
INFO: Design Patterns Demo starting...
Sep 27, 2025 12:08:51 PM com.example.designpatterns.creational.factory.EmailNotifier send
INFO: Email sent to alice@example.com: Factory pattern demo - email
Sep 27, 2025 12:10:28 PM com.example.designpatterns.App main
INFO: Design Patterns Demo starting...
Sep 27, 2025 12:10:32 PM com.example.designpatterns.creational.factory.EmailNotifier send
INFO: Email sent to alice@example.com: Factory pattern demo - email
Sep 27, 2025 12:10:43 PM com.example.designpatterns.App main
INFO: Design Patterns Demo starting...
Sep 27, 2025 12:10:55 PM com.example.designpatterns.App main
INFO: Design Patterns Demo starting...
Sep 27, 2025 12:11:05 PM com.example.designpatterns.App main
INFO: Design Patterns Demo starting...
Sep 27, 2025 12:11:09 PM com.example.designpatterns.structural.decorator.LoggingNotifierDecorator send
INFO: Sending to user@example.com using EmailNotifier
Sep 27, 2025 12:11:09 PM com.example.designpatterns.structural.decorator.LoggingNotifierDecorator send
INFO: Sending to user@example.com using EmailNotifier
Sep 27, 2025 12:11:09 PM com.example.designpatterns.creational.factory.EmailNotifier send
INFO: Email sent to user@example.com: Hello from decorated notifier!
Sep 27, 2025 12:11:32 PM com.example.designpatterns.App main
INFO: Design Patterns Demo starting...
Sep 27, 2025 12:11:37 PM com.example.designpatterns.behavioral.strategy.PricingEngine computeFinalPrice
INFO: Base: 15.48, Final after NoDiscountStrategy: 15.48
Sep 27, 2025 12:11:37 PM com.example.designpatterns.behavioral.strategy.PricingEngine computeFinalPrice
INFO: Base: 15.48, Final after PercentageDiscountStrategy: 13.16
Sep 27, 2025 12:11:45 PM com.example.designpatterns.behavioral.observer.StockMarket registerObserver
INFO: Observer registered: Trader
Sep 27, 2025 12:11:45 PM com.example.designpatterns.behavioral.observer.StockMarket registerObserver
INFO: Observer registered: Trader
Sep 27, 2025 12:11:45 PM com.example.designpatterns.behavioral.observer.StockMarket registerObserver
INFO: Observer registered: AnalyticsDashboard
Sep 27, 2025 12:11:45 PM com.example.designpatterns.behavioral.observer.Trader onPriceChanged
INFO: Trader Alice notified: AAPL -> 120.50
Sep 27, 2025 12:11:45 PM com.example.designpatterns.behavioral.observer.Trader onPriceChanged
INFO: Trader Bob notified: AAPL -> 120.50
Sep 27, 2025 12:11:45 PM com.example.designpatterns.behavioral.observer.AnalyticsDashboard onPriceChanged
INFO: Analytics: AAPL changed to 120.50 — computing indicators...
Sep 27, 2025 12:11:45 PM com.example.designpatterns.behavioral.observer.Trader onPriceChanged
INFO: Trader Alice notified: AAPL -> 48.90
Sep 27, 2025 12:11:45 PM com.example.designpatterns.behavioral.observer.Trader onPriceChanged
INFO: Trader Alice decides to BUY AAPL at 48.90
Sep 27, 2025 12:11:45 PM com.example.designpatterns.behavioral.observer.Trader onPriceChanged
INFO: Trader Bob notified: AAPL -> 48.90
Sep 27, 2025 12:11:45 PM com.example.designpatterns.behavioral.observer.Trader onPriceChanged
INFO: Trader Bob decides to BUY AAPL at 48.90
Sep 27, 2025 12:11:45 PM com.example.designpatterns.behavioral.observer.AnalyticsDashboard onPriceChanged
INFO: Analytics: AAPL changed to 48.90 — computing indicators...
Sep 27, 2025 12:11:51 PM com.example.designpatterns.structural.decorator.LoggingNotifierDecorator send
INFO: Sending to user@example.com using EmailNotifier
Sep 27, 2025 12:11:51 PM com.example.designpatterns.structural.decorator.LoggingNotifierDecorator send
INFO: Sending to user@example.com using EmailNotifier
Sep 27, 2025 12:11:51 PM com.example.designpatterns.creational.factory.EmailNotifier send
INFO: Email sent to user@example.com: Hello from decorated notifier!
Sep 27, 2025 12:12:05 PM com.example.designpatterns.creational.factory.EmailNotifier send
INFO: Email sent to alice@example.com: Factory pattern demo - email
Sep 27, 2025 12:16:19 PM com.example.designpatterns.App main
INFO: Design Patterns Demo starting...
Sep 27, 2025 12:16:24 PM com.example.designpatterns.creational.factory.EmailNotifier send
INFO: Email sent to alice@example.com: Factory pattern demo - email
Sep 27, 2025 12:16:24 PM com.example.designpatterns.creational.factory.SmsNotifier send
INFO: SMS sent to +911234567890: Factory pattern demo - sms
Sep 27, 2025 12:17:39 PM com.example.designpatterns.App main
INFO: Design Patterns Demo starting...
Sep 27, 2025 12:18:42 PM com.example.designpatterns.App main
INFO: Design Patterns Demo starting...
Sep 27, 2025 12:20:04 PM com.example.designpatterns.App main
INFO: Design Patterns Demo starting...
Sep 27, 2025 12:20:15 PM com.example.designpatterns.structural.decorator.LoggingNotifierDecorator send
INFO: Sending to user@example.com using EmailNotifier
Sep 27, 2025 12:20:15 PM com.example.designpatterns.structural.decorator.LoggingNotifierDecorator send
INFO: Sending to user@example.com using EmailNotifier
Sep 27, 2025 12:20:15 PM com.example.designpatterns.creational.factory.EmailNotifier send
INFO: Email sent to user@example.com: Hello from decorated notifier!
Sep 27, 2025 12:20:21 PM com.example.designpatterns.App main
INFO: Shutting down demo app
Sep 27, 2025 12:20:24 PM com.example.designpatterns.App main
INFO: Design Patterns Demo starting...
Sep 27, 2025 12:20:32 PM com.example.designpatterns.behavioral.observer.StockMarket registerObserver
INFO: Observer registered: Trader
Sep 27, 2025 12:20:32 PM com.example.designpatterns.behavioral.observer.StockMarket registerObserver
INFO: Observer registered: Trader
Sep 27, 2025 12:20:32 PM com.example.designpatterns.behavioral.observer.StockMarket registerObserver
INFO: Observer registered: AnalyticsDashboard
Sep 27, 2025 12:20:32 PM com.example.designpatterns.behavioral.observer.Trader onPriceChanged
INFO: Trader Alice notified: AAPL -> 120.50
Sep 27, 2025 12:20:32 PM com.example.designpatterns.behavioral.observer.Trader onPriceChanged
INFO: Trader Bob notified: AAPL -> 120.50
Sep 27, 2025 12:20:32 PM com.example.designpatterns.behavioral.observer.AnalyticsDashboard onPriceChanged
INFO: Analytics: AAPL changed to 120.50 — computing indicators...
Sep 27, 2025 12:20:32 PM com.example.designpatterns.behavioral.observer.Trader onPriceChanged
INFO: Trader Alice notified: AAPL -> 48.90
Sep 27, 2025 12:20:32 PM com.example.designpatterns.behavioral.observer.Trader onPriceChanged
INFO: Trader Alice decides to BUY AAPL at 48.90
Sep 27, 2025 12:20:32 PM com.example.designpatterns.behavioral.observer.Trader onPriceChanged
INFO: Trader Bob notified: AAPL -> 48.90
Sep 27, 2025 12:20:32 PM com.example.designpatterns.behavioral.observer.Trader onPriceChanged
INFO: Trader Bob decides to BUY AAPL at 48.90
Sep 27, 2025 12:20:32 PM com.example.designpatterns.behavioral.observer.AnalyticsDashboard onPriceChanged
INFO: Analytics: AAPL changed to 48.90 — computing indicators...
Sep 27, 2025 12:20:40 PM com.example.designpatterns.behavioral.strategy.PricingEngine computeFinalPrice
INFO: Base: 15.48, Final after NoDiscountStrategy: 15.48
Sep 27, 2025 12:20:40 PM com.example.designpatterns.behavioral.strategy.PricingEngine computeFinalPrice
INFO: Base: 15.48, Final after PercentageDiscountStrategy: 13.16
Sep 27, 2025 12:20:57 PM com.example.designpatterns.structural.decorator.LoggingNotifierDecorator send
INFO: Sending to user@example.com using EmailNotifier
Sep 27, 2025 12:20:57 PM com.example.designpatterns.creational.factory.EmailNotifier send
INFO: Email sent to user@example.com: Hello from decorated notifier!
Sep 27, 2025 12:21:02 PM com.example.designpatterns.App main
INFO: Shutting down demo app
